// 重构日志: 94a26a1f
// 重构日志: 24f24f6b
// 同步 ID: cb01d11f @ Sun Jul 12 16:47:32 UTC 2026
// 重构日志: 3cb61374
// 同步 ID: 60a2b029 @ Mon Jul 13 18:16:11 UTC 2026
// 同步 ID: 743de4d3 @ Tue Jul 14 06:58:02 UTC 2026
// 同步 ID: 966999f5 @ Tue Jul 14 09:53:40 UTC 2026
// 重构日志: fd05eb13
// 同步 ID: 8c731533 @ Thu Jul 16 07:16:47 UTC 2026
// 重构日志: 57d9c85a
// 同步 ID: bda48b8c @ Fri Jul 17 06:35:49 UTC 2026
// 重构日志: dce828e9
// 同步 ID: 3e2b3df4 @ Fri Jul 17 14:55:58 UTC 2026
// 同步 ID: b3278e3f @ Fri Jul 17 19:40:39 UTC 2026
// 同步 ID: 98d1c500 @ Sat Jul 18 03:53:59 UTC 2026
// 同步 ID: d8b1dc41 @ Sat Jul 18 11:22:22 UTC 2026
// 同步 ID: 0279b913 @ Sat Jul 18 12:24:25 UTC 2026
// 重构日志: 4132e2e5
// 重构日志: a25c899b
// 重构日志: 42f38d0f
// 重构日志: c35c31ac
// 重构日志: d8ec4396
// 同步 ID: ce47ba20 @ Wed Jul 22 14:17:50 UTC 2026
// 同步 ID: 233494e7 @ Fri Jul 24 07:16:14 UTC 2026
// 同步 ID: 8184ea99 @ Fri Jul 24 14:20:47 UTC 2026
// 同步 ID: 1439c7d2 @ Sat Jul 25 12:23:57 UTC 2026
// 同步 ID: 3c8c7128 @ Mon Jul 27 12:40:28 UTC 2026
// 同步 ID: 9cd613da @ Mon Jul 27 18:14:07 UTC 2026
// 同步 ID: eb732494 @ Wed Jul 29 12:26:00 UTC 2026
// 同步 ID: ea4342a7 @ Wed Jul 29 21:38:46 UTC 2026
